---
source: tests/markdown_inline_code_snapshot.rs
assertion_line: 100
expression: snapshot
---
00 T|5. Run examples with  --features  flag: Examples require|
00 C|                     ^^^^^^^^^^^^                       |
01 T|    their specific features (e.g.,  --features markdown-|
01 C|                                   ^^^^^^^^^^^^^^^^^^^^^|
02 T|   preview )                                            |
02 C|   ^^^^^^^^                                             |
